[6832:6848:1002/203731.688882:ERROR:dbus/bus.cc:405] Failed to connect to the bus: Failed to connect to socket /run/user/0/bus: Permission denied
[6832:6848:1002/203731.689313:ERROR:dbus/bus.cc:405] Failed to connect to the bus: Failed to connect to socket /run/user/0/bus: Permission denied
[6862:6862:1002/203731.710772:WARNING:media/gpu/vaapi/vaapi_wrapper.cc:1660] drmGetDevices2() has not found any devices
[6862:6862:1002/203731.712239:WARNING:sandbox/policy/linux/sandbox_linux.cc:405] InitializeSandbox() called with multiple threads in process gpu-process.
[6832:6832:1002/203731.735935:WARNING:chrome/browser/signin/account_consistency_mode_manager.cc:74] Desktop Identity Consistency cannot be enabled as no OAuth client ID and client secret have been configured.
[6832:6848:1002/203731.739324:ERROR:dbus/bus.cc:405] Failed to connect to the bus: Failed to connect to socket /run/user/0/bus: Permission denied
[6832:6832:1002/203731.765341:ERROR:dbus/object_proxy.cc:572] Failed to call method: org.freedesktop.DBus.NameHasOwner: object_path= /org/freedesktop/DBus: unknown error type: 
[6832:6848:1002/203731.765458:ERROR:dbus/bus.cc:405] Failed to connect to the bus: Failed to connect to socket /run/user/0/bus: Permission denied
[6832:6832:1002/203731.765496:ERROR:dbus/object_proxy.cc:572] Failed to call method: org.freedesktop.DBus.NameHasOwner: object_path= /org/freedesktop/DBus: unknown error type: 
[6832:6848:1002/203731.765932:ERROR:dbus/bus.cc:405] Failed to connect to the bus: Failed to connect to socket /run/user/0/bus: Permission denied
[6832:6832:1002/203731.774421:ERROR:dbus/object_proxy.cc:572] Failed to call method: org.freedesktop.DBus.NameHasOwner: object_path= /org/freedesktop/DBus: unknown error type: 
[6832:6848:1002/203731.774606:ERROR:dbus/bus.cc:405] Failed to connect to the bus: Failed to connect to socket /run/user/0/bus: Permission denied
[6915:6915:1002/203731.814283:WARNING:content/child/runtime_features.cc:520] AttributionReporting cannot be enabled in this configuration. Use --enable-features=ConversionMeasurement in addition.
[6832:6832:1002/203731.872363:WARNING:ui/aura/window.cc:1464] StackChildLayerRelativeTo called with unmanaged layer(s). child=WebContentsViewAura child_managed=0 target=WebContentsViewAura target_managed=0
[6832:6832:1002/203731.872427:WARNING:ui/aura/window.cc:1464] StackChildLayerRelativeTo called with unmanaged layer(s). child=WebContentsViewAura child_managed=0 target=WebContentsViewAura target_managed=0
[6927:6927:1002/203731.875891:WARNING:content/child/runtime_features.cc:520] AttributionReporting cannot be enabled in this configuration. Use --enable-features=ConversionMeasurement in addition.
[6928:6928:1002/203731.882729:WARNING:content/child/runtime_features.cc:520] AttributionReporting cannot be enabled in this configuration. Use --enable-features=ConversionMeasurement in addition.
[6832:6832:1002/203731.883589:ERROR:dbus/object_proxy.cc:572] Failed to call method: org.freedesktop.DBus.NameHasOwner: object_path= /org/freedesktop/DBus: unknown error type: 
[6832:6832:1002/203731.883738:ERROR:dbus/object_proxy.cc:572] Failed to call method: org.freedesktop.DBus.NameHasOwner: object_path= /org/freedesktop/DBus: unknown error type: 
[6832:6848:1002/203731.884420:ERROR:dbus/bus.cc:405] Failed to connect to the bus: Failed to connect to socket /run/user/0/bus: Permission denied
[6832:6832:1002/203731.885500:ERROR:dbus/object_proxy.cc:572] Failed to call method: org.freedesktop.DBus.NameHasOwner: object_path= /org/freedesktop/DBus: unknown error type: 
[6832:6832:1002/203731.889888:ERROR:dbus/object_proxy.cc:572] Failed to call method: org.freedesktop.DBus.Properties.GetAll: object_path= /org/freedesktop/UPower/devices/DisplayDevice: org.freedesktop.DBus.Error.ServiceUnknown: The name org.freedesktop.UPower was not provided by any .service files
[6832:6832:1002/203731.889904:WARNING:dbus/property.cc:174] GetAll request failed for: org.freedesktop.UPower.Device
[6832:6832:1002/203731.915619:ERROR:dbus/object_proxy.cc:572] Failed to call method: org.freedesktop.DBus.NameHasOwner: object_path= /org/freedesktop/DBus: unknown error type: 
[6832:6848:1002/203731.916730:ERROR:dbus/bus.cc:405] Failed to connect to the bus: Failed to connect to socket /run/user/0/bus: Permission denied
[6832:6832:1002/203731.942157:ERROR:dbus/object_proxy.cc:572] Failed to call method: org.freedesktop.DBus.NameHasOwner: object_path= /org/freedesktop/DBus: unknown error type: 
[6832:6848:1002/203731.942278:ERROR:dbus/bus.cc:405] Failed to connect to the bus: Failed to connect to socket /run/user/0/bus: Permission denied
[6832:6832:1002/203731.952121:ERROR:dbus/object_proxy.cc:572] Failed to call method: org.freedesktop.DBus.NameHasOwner: object_path= /org/freedesktop/DBus: unknown error type: 
[6832:6832:1002/203731.952139:WARNING:ui/base/idle/idle_linux.cc:111] None of the known D-Bus ScreenSaver services could be used.
[6832:6832:1002/203731.983208:ERROR:dbus/object_proxy.cc:572] Failed to call method: org.freedesktop.NetworkManager.GetDevices: object_path= /org/freedesktop/NetworkManager: org.freedesktop.DBus.Error.ServiceUnknown: The name org.freedesktop.NetworkManager was not provided by any .service files
[6832:6832:1002/203731.983230:WARNING:services/device/geolocation/wifi_data_provider_linux.cc:171] Failed to get the device list
[6832:6832:1002/203732.030743:ERROR:chrome/browser/component_updater/soda_language_pack_component_installer.cc:85] On demand update of the SODA language component failed with error: 5
[6832:6832:1002/203732.049726:ERROR:chrome/browser/component_updater/soda_component_installer.cc:96] On demand update of the SODA component failed with error: 5
[6953:6953:1002/203732.303210:WARNING:content/child/runtime_features.cc:520] AttributionReporting cannot be enabled in this configuration. Use --enable-features=ConversionMeasurement in addition.
[6964:6964:1002/203735.245629:WARNING:content/child/runtime_features.cc:520] AttributionReporting cannot be enabled in this configuration. Use --enable-features=ConversionMeasurement in addition.
[7014:7014:1002/203739.117680:WARNING:content/child/runtime_features.cc:520] AttributionReporting cannot be enabled in this configuration. Use --enable-features=ConversionMeasurement in addition.
[6832:6832:1002/203739.258949:INFO:CONSOLE:3] "Fetch API cannot load chrome-error://chromewebdata/sitemap.xml. URL scheme "chrome-error" is not supported.", source:  (3)
[7027:7027:1002/203741.207731:WARNING:content/child/runtime_features.cc:520] AttributionReporting cannot be enabled in this configuration. Use --enable-features=ConversionMeasurement in addition.
[6832:6832:1002/203741.941256:ERROR:dbus/object_proxy.cc:572] Failed to call method: org.freedesktop.NetworkManager.GetDevices: object_path= /org/freedesktop/NetworkManager: org.freedesktop.DBus.Error.ServiceUnknown: The name org.freedesktop.NetworkManager was not provided by any .service files
[6832:6832:1002/203741.941290:WARNING:services/device/geolocation/wifi_data_provider_linux.cc:171] Failed to get the device list
